\BOOKMARK [1][-]{section.1}{\376\377\000I\000n\000t\000r\000o\000d\000u\000c\000t\000i\000o\000n\000\040\000\046\000\040\000M\000o\000t\000i\000v\000a\000t\000i\000o\000n}{}% 1
\BOOKMARK [2][-]{subsection.1.1}{\376\377\000T\000h\000e\000\040\000E\000v\000o\000l\000u\000t\000i\000o\000n\000:\000\040\000F\000r\000o\000m\000\040\000P\000a\000s\000s\000i\000v\000e\000\040\000L\000e\000a\000r\000n\000i\000n\000g\000\040\000t\000o\000\040\000A\000g\000e\000n\000t\000i\000c\000\040\000A\000u\000t\000o\000n\000o\000m\000y}{section.1}% 2
\BOOKMARK [2][-]{subsection.1.2}{\376\377\000T\000h\000e\000\040\000C\000o\000r\000e\000\040\000P\000r\000o\000b\000l\000e\000m\000:\000\040\000E\000x\000p\000l\000a\000n\000a\000t\000i\000o\000n\000\040\000P\000o\000i\000s\000o\000n\000i\000n\000g}{section.1}% 3
\BOOKMARK [2][-]{subsection.1.3}{\376\377\000T\000h\000e\000\040\000T\000r\000u\000s\000t\000\040\000P\000a\000r\000a\000d\000o\000x\000\040\000i\000n\000\040\000H\000i\000g\000h\000-\000D\000i\000m\000e\000n\000s\000i\000o\000n\000a\000l\000\040\000a\000n\000d\000\040\000M\000e\000d\000i\000c\000a\000l\000\040\000D\000o\000m\000a\000i\000n\000s}{section.1}% 4
\BOOKMARK [2][-]{subsection.1.4}{\376\377\000R\000e\000s\000e\000a\000r\000c\000h\000\040\000O\000b\000j\000e\000c\000t\000i\000v\000e\000s\000\040\000a\000n\000d\000\040\000C\000o\000n\000t\000r\000i\000b\000u\000t\000i\000o\000n\000s}{section.1}% 5
\BOOKMARK [1][-]{section.2}{\376\377\000L\000i\000t\000e\000r\000a\000t\000u\000r\000e\000\040\000R\000e\000v\000i\000e\000w\000\040\000\046\000\040\000R\000e\000s\000e\000a\000r\000c\000h\000\040\000G\000a\000p\000\040\000A\000n\000a\000l\000y\000s\000i\000s}{}% 6
\BOOKMARK [2][-]{subsection.2.1}{\376\377\000T\000h\000e\000\040\000E\000v\000o\000l\000v\000i\000n\000g\000\040\000T\000h\000r\000e\000a\000t\000:\000\040\000F\000r\000o\000m\000\040\000P\000o\000i\000s\000o\000n\000i\000n\000g\000\040\000t\000o\000\040\000`\000`\000E\000x\000p\000l\000a\000n\000a\000t\000i\000o\000n\000\040\000S\000c\000a\000f\000f\000o\000l\000d\000i\000n\000g\000'\000'}{section.2}% 7
\BOOKMARK [2][-]{subsection.2.2}{\376\377\000D\000e\000f\000e\000n\000s\000e\000s\000\040\000i\000n\000\040\000F\000e\000d\000e\000r\000a\000t\000e\000d\000\040\000L\000e\000a\000r\000n\000i\000n\000g\000:\000\040\000T\000h\000e\000\040\000`\000`\000S\000t\000a\000t\000i\000s\000t\000i\000c\000a\000l\000'\000'\000\040\000S\000t\000a\000l\000e\000m\000a\000t\000e}{section.2}% 8
\BOOKMARK [2][-]{subsection.2.3}{\376\377\000C\000a\000u\000s\000a\000l\000\040\000D\000i\000s\000c\000o\000v\000e\000r\000y\000\040\000i\000n\000\040\000F\000e\000d\000e\000r\000a\000t\000e\000d\000\040\000S\000y\000s\000t\000e\000m\000s}{section.2}% 9
\BOOKMARK [2][-]{subsection.2.4}{\376\377\000G\000r\000a\000p\000h\000-\000B\000a\000s\000e\000d\000\040\000M\000e\000t\000r\000i\000c\000s\000:\000\040\000T\000h\000e\000\040\000E\000n\000a\000b\000l\000e\000r}{section.2}% 10
\BOOKMARK [2][-]{subsection.2.5}{\376\377\000K\000n\000o\000w\000n\000\040\000L\000i\000m\000i\000t\000a\000t\000i\000o\000n\000s\000\040\000o\000f\000\040\000C\000a\000u\000s\000a\000l\000\040\000D\000i\000s\000c\000o\000v\000e\000r\000y\000\040\000A\000l\000g\000o\000r\000i\000t\000h\000m\000s}{section.2}% 11
\BOOKMARK [3][-]{subsubsection.2.5.1}{\376\377\000G\000E\000D\000G\000N\000N\000\040\000a\000n\000d\000\040\000I\000n\000t\000e\000r\000p\000r\000e\000t\000a\000b\000i\000l\000i\000t\000y\000\040\000o\000f\000\040\000G\000r\000a\000p\000h\000\040\000D\000e\000c\000i\000s\000i\000o\000n\000s}{subsection.2.5}% 12
\BOOKMARK [2][-]{subsection.2.6}{\376\377\000S\000u\000m\000m\000a\000r\000y\000\040\000o\000f\000\040\000t\000h\000e\000\040\000R\000e\000s\000e\000a\000r\000c\000h\000\040\000G\000a\000p}{section.2}% 13
\BOOKMARK [1][-]{section.3}{\376\377\000P\000r\000o\000p\000o\000s\000e\000d\000\040\000S\000y\000s\000t\000e\000m\000\040\000D\000e\000s\000i\000g\000n\000\040\000\046\000\040\000A\000r\000c\000h\000i\000t\000e\000c\000t\000u\000r\000e}{}% 14
\BOOKMARK [2][-]{subsection.3.1}{\376\377\000A\000r\000c\000h\000i\000t\000e\000c\000t\000u\000r\000a\000l\000\040\000O\000v\000e\000r\000v\000i\000e\000w}{section.3}% 15
\BOOKMARK [2][-]{subsection.3.2}{\376\377\000C\000l\000i\000e\000n\000t\000-\000S\000i\000d\000e\000\040\000A\000r\000c\000h\000i\000t\000e\000c\000t\000u\000r\000e\000\040\000\050\000T\000h\000e\000\040\000`\000`\000D\000e\000l\000i\000b\000e\000r\000a\000t\000i\000v\000e\000\040\000A\000g\000e\000n\000t\040\031\040\031\000\051}{section.3}% 16
\BOOKMARK [3][-]{subsubsection.3.2.1}{\376\377\000T\000h\000e\000\040\000P\000e\000r\000c\000e\000p\000t\000i\000o\000n\000\040\000M\000o\000d\000u\000l\000e\000\040\000\050\000D\000a\000t\000a\000\040\000I\000n\000g\000e\000s\000t\000i\000o\000n\000\051}{subsection.3.2}% 17
\BOOKMARK [3][-]{subsubsection.3.2.2}{\376\377\000T\000h\000e\000\040\000C\000o\000g\000n\000i\000t\000i\000v\000e\000\040\000M\000o\000d\000u\000l\000e\000\040\000\050\000R\000e\000a\000s\000o\000n\000i\000n\000g\000\040\000E\000x\000t\000r\000a\000c\000t\000i\000o\000n\000\051}{subsection.3.2}% 18
\BOOKMARK [3][-]{subsubsection.3.2.3}{\376\377\000T\000h\000e\000\040\000A\000c\000t\000i\000o\000n\000\040\000M\000o\000d\000u\000l\000e\000\040\000\050\000T\000h\000e\000\040\000U\000p\000d\000a\000t\000e\000\040\000P\000a\000y\000l\000o\000a\000d\000\051}{subsection.3.2}% 19
\BOOKMARK [2][-]{subsection.3.3}{\376\377\000S\000e\000r\000v\000e\000r\000-\000S\000i\000d\000e\000\040\000A\000r\000c\000h\000i\000t\000e\000c\000t\000u\000r\000e\000\040\000\050\000T\000h\000e\000\040\000`\000`\000G\000o\000v\000e\000r\000n\000a\000n\000c\000e\000\040\000L\000a\000y\000e\000r\040\031\040\031\000\051}{section.3}% 20
\BOOKMARK [3][-]{subsubsection.3.3.1}{\376\377\000T\000h\000e\000\040\000L\000o\000g\000i\000c\000\040\000V\000a\000l\000i\000d\000a\000t\000o\000r\000\040\000\050\000N\000e\000u\000r\000a\000l\000\040\000G\000E\000D\000\040\000E\000s\000t\000i\000m\000a\000t\000o\000r\000\051}{subsection.3.3}% 21
\BOOKMARK [3][-]{subsubsection.3.3.2}{\376\377\000T\000h\000e\000\040\000D\000u\000a\000l\000\040\000A\000g\000g\000r\000e\000g\000a\000t\000o\000r}{subsection.3.3}% 22
\BOOKMARK [2][-]{subsection.3.4}{\376\377\000T\000h\000e\000\040\000S\000e\000c\000u\000r\000i\000t\000y\000\040\000P\000r\000o\000t\000o\000c\000o\000l\000\040\000\050\000T\000h\000e\000\040\000H\000a\000n\000d\000s\000h\000a\000k\000e\000\051}{section.3}% 23
\BOOKMARK [2][-]{subsection.3.5}{\376\377\000C\000o\000m\000p\000o\000n\000e\000n\000t\000\040\000S\000u\000m\000m\000a\000r\000y\000\040\000T\000a\000b\000l\000e}{section.3}% 24
\BOOKMARK [1][-]{section.4}{\376\377\000P\000r\000o\000p\000o\000s\000e\000d\000\040\000M\000e\000t\000h\000o\000d\000o\000l\000o\000g\000y}{}% 25
\BOOKMARK [2][-]{subsection.4.1}{\376\377\000P\000r\000o\000b\000l\000e\000m\000\040\000F\000o\000r\000m\000u\000l\000a\000t\000i\000o\000n\000:\000\040\000T\000h\000e\000\040\000A\000d\000v\000e\000r\000s\000a\000r\000i\000a\000l\000\040\000O\000b\000j\000e\000c\000t\000i\000v\000e}{section.4}% 26
\BOOKMARK [2][-]{subsection.4.2}{\376\377\000F\000a\000i\000l\000u\000r\000e\000\040\000P\000r\000o\000o\000f\000\040\000o\000f\000\040\000E\000x\000i\000s\000t\000i\000n\000g\000\040\000D\000e\000f\000e\000n\000s\000e\000s\000\040\000\050\000T\000h\000e\000\040\000E\000u\000c\000l\000i\000d\000e\000a\000n\000\040\000F\000l\000a\000w\000\051}{section.4}% 27
\BOOKMARK [2][-]{subsection.4.3}{\376\377\000T\000h\000e\000\040\000P\000r\000o\000p\000o\000s\000e\000d\000\040\000M\000e\000t\000r\000i\000c\000:\000\040\000T\000o\000p\000o\000l\000o\000g\000i\000c\000a\000l\000\040\000G\000r\000a\000p\000h\000\040\000E\000d\000i\000t\000\040\000D\000i\000s\000t\000a\000n\000c\000e\000\040\000\050\000G\000E\000D\000\051}{section.4}% 28
\BOOKMARK [2][-]{subsection.4.4}{\376\377\000T\000h\000e\000\040\000N\000e\000w\000\040\000G\000o\000v\000e\000r\000n\000a\000n\000c\000e\000\040\000O\000b\000j\000e\000c\000t\000i\000v\000e\000:\000\040\000D\000u\000a\000l\000-\000G\000a\000t\000e\000\040\000P\000o\000R}{section.4}% 29
\BOOKMARK [2][-]{subsection.4.5}{\376\377\000T\000h\000e\000o\000r\000e\000t\000i\000c\000a\000l\000\040\000P\000r\000o\000o\000f\000\040\000o\000f\000\040\000D\000e\000f\000e\000n\000s\000e\000\040\000\050\000T\000h\000e\000\040\000C\000o\000n\000t\000r\000a\000d\000i\000c\000t\000i\000o\000n\000\051}{section.4}% 30
\BOOKMARK [1][-]{section.5}{\376\377\000C\000o\000m\000p\000a\000r\000a\000t\000i\000v\000e\000\040\000A\000n\000a\000l\000y\000s\000i\000s\000\040\000\046\000\040\000P\000e\000r\000f\000o\000r\000m\000a\000n\000c\000e\000\040\000B\000e\000n\000c\000h\000m\000a\000r\000k\000i\000n\000g}{}% 31
\BOOKMARK [2][-]{subsection.5.1}{\376\377\000T\000h\000e\000\040\000E\000v\000o\000l\000u\000t\000i\000o\000n\000\040\000o\000f\000\040\000D\000e\000f\000e\000n\000s\000e\000s\000\040\000\050\000G\000e\000n\000e\000r\000a\000t\000i\000o\000n\000a\000l\000\040\000A\000n\000a\000l\000y\000s\000i\000s\000\051}{section.5}% 32
\BOOKMARK [3][-]{subsubsection.5.1.1}{\376\377\000G\000e\000n\000e\000r\000a\000t\000i\000o\000n\000\040\0001\000:\000\040\000S\000t\000a\000t\000i\000s\000t\000i\000c\000a\000l\000\040\000O\000u\000t\000l\000i\000e\000r\000\040\000D\000e\000t\000e\000c\000t\000i\000o\000n\000\040\000\050\0002\0000\0001\0007\040\023\0002\0000\0002\0000\000\051}{subsection.5.1}% 33
\BOOKMARK [3][-]{subsubsection.5.1.2}{\376\377\000G\000e\000n\000e\000r\000a\000t\000i\000o\000n\000\040\0002\000:\000\040\000V\000e\000c\000t\000o\000r\000\040\000a\000n\000d\000\040\000S\000i\000m\000i\000l\000a\000r\000i\000t\000y\000\040\000A\000n\000a\000l\000y\000s\000i\000s\000\040\000\050\0002\0000\0002\0001\040\023\0002\0000\0002\0003\000\051}{subsection.5.1}% 34
\BOOKMARK [3][-]{subsubsection.5.1.3}{\376\377\000G\000e\000n\000e\000r\000a\000t\000i\000o\000n\000\040\0003\000:\000\040\000A\000d\000v\000a\000n\000c\000e\000d\000\040\000R\000e\000c\000o\000n\000s\000t\000r\000u\000c\000t\000i\000o\000n\000\040\000a\000n\000d\000\040\000C\000l\000u\000s\000t\000e\000r\000i\000n\000g\000\040\000\050\0002\0000\0002\0004\040\023\0002\0000\0002\0005\000\051}{subsection.5.1}% 35
\BOOKMARK [2][-]{subsection.5.2}{\376\377\000D\000e\000t\000a\000i\000l\000e\000d\000\040\000C\000o\000m\000p\000a\000r\000i\000s\000o\000n\000\040\000M\000a\000t\000r\000i\000x}{section.5}% 36
\BOOKMARK [2][-]{subsection.5.3}{\376\377\000T\000h\000e\000o\000r\000e\000t\000i\000c\000a\000l\000\040\000P\000e\000r\000f\000o\000r\000m\000a\000n\000c\000e\000\040\000D\000e\000r\000i\000v\000a\000t\000i\000o\000n}{section.5}% 37
\BOOKMARK [3][-]{subsubsection.5.3.1}{\376\377\000W\000h\000y\000\040\000D\000i\000s\000t\000a\000n\000c\000e\000-\000B\000a\000s\000e\000d\000\040\000D\000e\000f\000e\000n\000s\000e\000s\000\040\000F\000a\000i\000l}{subsection.5.3}% 38
\BOOKMARK [3][-]{subsubsection.5.3.2}{\376\377\000W\000h\000y\000\040\000P\000o\000R\000\040\000S\000u\000c\000c\000e\000e\000d\000s}{subsection.5.3}% 39
\BOOKMARK [2][-]{subsection.5.4}{\376\377\000B\000y\000z\000a\000n\000t\000i\000n\000e\000\040\000F\000a\000u\000l\000t\000\040\000T\000o\000l\000e\000r\000a\000n\000c\000e\000\040\000B\000o\000u\000n\000d\000\040\000i\000n\000\040\000T\000o\000p\000o\000l\000o\000g\000i\000c\000a\000l\000\040\000S\000p\000a\000c\000e}{section.5}% 40
\BOOKMARK [1][-]{section.6}{\376\377\000L\000i\000m\000i\000t\000a\000t\000i\000o\000n\000s\000\040\000a\000n\000d\000\040\000F\000u\000t\000u\000r\000e\000\040\000W\000o\000r\000k}{}% 41
\BOOKMARK [2][-]{subsection.6.1}{\376\377\000C\000a\000u\000s\000a\000l\000i\000t\000y\000-\000A\000w\000a\000r\000e\000\040\000N\000O\000T\000E\000A\000R\000S\000\040\000M\000a\000n\000i\000p\000u\000l\000a\000t\000i\000o\000n\000\040\000\050\000L\000i\000m\000i\000t\000a\000t\000i\000o\000n\000:\000\040\000A\000s\000s\000u\000m\000p\000t\000i\000o\000n\000\040\000A\0001\000\051}{section.6}% 42
\BOOKMARK [2][-]{subsection.6.2}{\376\377\000P\000r\000i\000v\000a\000c\000y\000\040\000L\000e\000a\000k\000a\000g\000e\000\040\000o\000f\000\040\000C\000a\000u\000s\000a\000l\000\040\000D\000A\000G\000s\000\040\000\050\000R\000e\000s\000o\000l\000v\000e\000d\000\040\000v\000i\000a\000\040\000G\000r\000a\000p\000h\000\040\000D\000P\000\051\000\040\000[\000R\000E\000S\000O\000L\000V\000E\000D\000]}{section.6}% 43
\BOOKMARK [2][-]{subsection.6.3}{\376\377\000L\000i\000m\000i\000t\000e\000d\000\040\000A\000t\000t\000a\000c\000k\000\040\000V\000a\000r\000i\000e\000t\000y\000\040\000[\000R\000E\000S\000O\000L\000V\000E\000D\000]}{section.6}% 44
\BOOKMARK [2][-]{subsection.6.4}{\376\377\000F\000e\000d\000-\000N\000E\000A\000T\000\040\000A\000g\000g\000r\000e\000g\000a\000t\000i\000o\000n\000\040\000C\000o\000m\000p\000l\000e\000x\000i\000t\000y\000\040\000a\000t\000\040\000S\000c\000a\000l\000e}{section.6}% 45
\BOOKMARK [2][-]{subsection.6.5}{\376\377\000L\000a\000c\000k\000\040\000o\000f\000\040\000S\000t\000a\000n\000d\000a\000l\000o\000n\000e\000\040\000F\000e\000d\000-\000N\000E\000A\000T\000\040\000C\000o\000n\000v\000e\000r\000g\000e\000n\000c\000e\000\040\000E\000v\000a\000l\000u\000a\000t\000i\000o\000n}{section.6}% 46
\BOOKMARK [1][-]{section.7}{\376\377\000E\000n\000g\000i\000n\000e\000e\000r\000i\000n\000g\000\040\000C\000o\000n\000t\000r\000i\000b\000u\000t\000i\000o\000n\000s\000:\000\040\000F\000r\000o\000m\000\040\000T\000h\000e\000o\000r\000y\000\040\000t\000o\000\040\000D\000e\000p\000l\000o\000y\000a\000b\000l\000e\000\040\000D\000e\000f\000e\000n\000s\000e}{}% 47
\BOOKMARK [2][-]{subsection.7.1}{\376\377\000M\000u\000l\000t\000i\000-\000T\000y\000p\000e\000\040\000A\000d\000v\000e\000r\000s\000a\000r\000y\000\040\000P\000o\000p\000u\000l\000a\000t\000i\000o\000n\000\040\000\050\0005\000\040\000A\000t\000t\000a\000c\000k\000\040\000V\000e\000c\000t\000o\000r\000s\000\051}{section.7}% 48
\BOOKMARK [2][-]{subsection.7.2}{\376\377\000S\000y\000b\000i\000l\000\040\000A\000t\000t\000a\000c\000k\000\040\000F\000r\000a\000m\000e\000w\000o\000r\000k\000:\000\040\000S\000t\000r\000e\000s\000s\000-\000T\000e\000s\000t\000i\000n\000g\000\040\000B\000a\000y\000e\000s\000i\000a\000n\000\040\000C\000o\000n\000s\000e\000n\000s\000u\000s}{section.7}% 49
\BOOKMARK [2][-]{subsection.7.3}{\376\377\000S\000l\000i\000d\000i\000n\000g\000-\000W\000i\000n\000d\000o\000w\000\040\000C\000r\000e\000d\000i\000b\000i\000l\000i\000t\000y\000\040\000D\000e\000c\000a\000y\000:\000\040\000D\000e\000f\000e\000a\000t\000i\000n\000g\000\040\000T\000e\000m\000p\000o\000r\000a\000l\000\040\000T\000r\000u\000s\000t\000\040\000E\000x\000p\000l\000o\000i\000t\000a\000t\000i\000o\000n}{section.7}% 50
\BOOKMARK [2][-]{subsection.7.4}{\376\377\000C\000u\000r\000r\000i\000c\000u\000l\000u\000m\000\040\000G\000r\000a\000c\000e\000\040\000P\000e\000r\000i\000o\000d\000\040\000w\000i\000t\000h\000\040\000r\000e\000l\000i\000a\000b\000l\000e\000\040\000M\000e\000d\000i\000a\000n\000\040\000A\000g\000g\000r\000e\000g\000a\000t\000i\000o\000n}{section.7}% 51
\BOOKMARK [2][-]{subsection.7.5}{\376\377\000A\000d\000v\000e\000r\000s\000a\000r\000y\000-\000A\000g\000n\000o\000s\000t\000i\000c\000\040\000E\000x\000t\000r\000a\000c\000t\000i\000o\000n\000\040\000I\000n\000t\000e\000r\000f\000a\000c\000e}{section.7}% 52
\BOOKMARK [2][-]{subsection.7.6}{\376\377\000G\000r\000a\000p\000h\000\040\000C\000o\000n\000v\000e\000r\000s\000i\000o\000n\000\040\000r\000e\000l\000i\000a\000b\000i\000l\000i\000t\000y\000\040\000A\000c\000r\000o\000s\000s\000\040\000H\000e\000t\000e\000r\000o\000g\000e\000n\000e\000o\000u\000s\000\040\000D\000o\000m\000a\000i\000n\000s}{section.7}% 53
\BOOKMARK [2][-]{subsection.7.7}{\376\377\000S\000i\000m\000G\000N\000N\000\040\000I\000n\000p\000u\000t\000\040\000D\000i\000m\000e\000n\000s\000i\000o\000n\000a\000l\000i\000t\000y\000\040\000U\000n\000i\000f\000i\000c\000a\000t\000i\000o\000n}{section.7}% 54
\BOOKMARK [2][-]{subsection.7.8}{\376\377\000G\000r\000a\000p\000h\000\040\000D\000i\000f\000f\000e\000r\000e\000n\000t\000i\000a\000l\000\040\000P\000r\000i\000v\000a\000c\000y\000\040\000w\000i\000t\000h\000\040\000C\000o\000r\000r\000e\000c\000t\000\040\000C\000o\000m\000p\000o\000s\000i\000t\000i\000o\000n}{section.7}% 55
\BOOKMARK [2][-]{subsection.7.9}{\376\377\000C\000o\000n\000f\000i\000g\000u\000r\000a\000t\000i\000o\000n\000\040\000V\000a\000l\000i\000d\000a\000t\000i\000o\000n\000\040\000a\000s\000\040\000a\000\040\000F\000i\000r\000s\000t\000-\000C\000l\000a\000s\000s\000\040\000S\000e\000c\000u\000r\000i\000t\000y\000\040\000F\000e\000a\000t\000u\000r\000e}{section.7}% 56
\BOOKMARK [2][-]{subsection.7.10}{\376\377\000C\000o\000n\000t\000i\000n\000u\000o\000u\000s\000\040\000I\000n\000t\000e\000g\000r\000a\000t\000i\000o\000n\000\040\000a\000n\000d\000\040\000A\000u\000t\000o\000m\000a\000t\000e\000d\000\040\000Q\000u\000a\000l\000i\000t\000y\000\040\000A\000s\000s\000u\000r\000a\000n\000c\000e}{section.7}% 57
\BOOKMARK [2][-]{subsection.7.11}{\376\377\000N\000o\000n\000-\000C\000a\000u\000s\000a\000l\000\040\000G\000r\000a\000p\000h\000\040\000B\000a\000s\000e\000l\000i\000n\000e\000\040\000f\000o\000r\000\040\000A\000b\000l\000a\000t\000i\000o\000n}{section.7}% 58
\BOOKMARK [2][-]{subsection.7.12}{\376\377\000U\000n\000i\000t\000\040\000T\000e\000s\000t\000\040\000S\000u\000i\000t\000e\000\040\000\050\0003\0009\000\040\000T\000e\000s\000t\000s\000\051}{section.7}% 59
\BOOKMARK [2][-]{subsection.7.13}{\376\377\000S\000e\000a\000s\000o\000n\000i\000n\000g}{section.7}% 60
\BOOKMARK [1][-]{section.8}{\376\377\000I\000m\000p\000l\000e\000m\000e\000n\000t\000a\000t\000i\000o\000n\000\040\000S\000t\000r\000a\000t\000e\000g\000y\000\040\000\046\000\040\000E\000x\000p\000e\000r\000i\000m\000e\000n\000t\000a\000l\000\040\000D\000e\000s\000i\000g\000n}{}% 61
\BOOKMARK [2][-]{subsection.8.1}{\376\377\000T\000e\000c\000h\000n\000o\000l\000o\000g\000y\000\040\000S\000t\000a\000c\000k\000\040\000\046\000\040\000S\000i\000m\000u\000l\000a\000t\000i\000o\000n\000\040\000E\000n\000v\000i\000r\000o\000n\000m\000e\000n\000t}{section.8}% 62
\BOOKMARK [2][-]{subsection.8.2}{\376\377\000E\000x\000p\000e\000r\000i\000m\000e\000n\000t\000a\000l\000\040\000D\000a\000t\000a\000s\000e\000t\000s\000\040\000\046\000\040\000S\000c\000e\000n\000a\000r\000i\000o\000s}{section.8}% 63
\BOOKMARK [3][-]{subsubsection.8.2.1}{\376\377\000T\000i\000e\000r\000\040\0001\000:\000\040\000D\000e\000s\000i\000g\000n\000-\000V\000a\000l\000i\000d\000a\000t\000e\000d\000\040\000D\000o\000m\000a\000i\000n\000\040\000\050\000C\000e\000l\000e\000b\000A\000\051}{subsection.8.2}% 64
\BOOKMARK [3][-]{subsubsection.8.2.2}{\376\377\000T\000i\000e\000r\000\040\0002\000:\000\040\000D\000e\000s\000i\000g\000n\000-\000V\000a\000l\000i\000d\000a\000t\000e\000d\000\040\000D\000o\000m\000a\000i\000n\000\040\000\050\000F\000L\000a\000m\000b\000y\000\040\000S\000u\000i\000t\000e\000\051}{subsection.8.2}% 65
\BOOKMARK [2][-]{subsection.8.3}{\376\377\000P\000h\000a\000s\000e\000\040\0001\000:\000\040\000T\000h\000e\000\040\000`\000`\000R\000e\000d\000\040\000T\000e\000a\000m\000'\000'\000\040\000\050\000E\000n\000g\000i\000n\000e\000e\000r\000i\000n\000g\000\040\000t\000h\000e\000\040\000L\000o\000g\000i\000c\000\040\000A\000t\000t\000a\000c\000k\000\051}{section.8}% 66
\BOOKMARK [3][-]{subsubsection.8.3.1}{\376\377\000S\000c\000e\000n\000a\000r\000i\000o\000\040\000A\000:\000\040\000A\000t\000t\000r\000i\000b\000u\000t\000e\000\040\000A\000t\000t\000a\000c\000k\000\040\000\050\000C\000e\000l\000e\000b\000A\000\051}{subsection.8.3}% 67
\BOOKMARK [3][-]{subsubsection.8.3.2}{\376\377\000S\000c\000e\000n\000a\000r\000i\000o\000\040\000B\000:\000\040\000S\000a\000f\000e\000t\000y\000\040\000A\000t\000t\000a\000c\000k\000\040\000\050\000F\000L\000a\000m\000b\000y\000\051}{subsection.8.3}% 68
\BOOKMARK [3][-]{subsubsection.8.3.3}{\376\377\000E\000x\000p\000l\000a\000n\000a\000t\000i\000o\000n\000\040\000S\000c\000a\000f\000f\000o\000l\000d\000i\000n\000g\000\040\000O\000b\000j\000e\000c\000t\000i\000v\000e}{subsection.8.3}% 69
\BOOKMARK [2][-]{subsection.8.4}{\376\377\000P\000h\000a\000s\000e\000\040\0002\000:\000\040\000T\000h\000e\000\040\000`\000`\000B\000l\000u\000e\000\040\000T\000e\000a\000m\000'\000'\000\040\000\050\000I\000m\000p\000l\000e\000m\000e\000n\000t\000i\000n\000g\000\040\000P\000o\000R\000\051}{section.8}% 70
\BOOKMARK [3][-]{subsubsection.8.4.1}{\376\377\000S\000t\000e\000p\000\040\000A\000:\000\040\000C\000a\000u\000s\000a\000l\000\040\000E\000x\000t\000r\000a\000c\000t\000o\000r\000\040\000\050\000C\000l\000i\000e\000n\000t\000-\000S\000i\000d\000e\000\051}{subsection.8.4}% 71
\BOOKMARK [3][-]{subsubsection.8.4.2}{\376\377\000S\000t\000e\000p\000\040\000B\000:\000\040\000N\000e\000u\000r\000a\000l\000\040\000G\000E\000D\000\040\000E\000s\000t\000i\000m\000a\000t\000o\000r\000\040\000\050\000S\000e\000r\000v\000e\000r\000-\000S\000i\000d\000e\000\051}{subsection.8.4}% 72
\BOOKMARK [3][-]{subsubsection.8.4.3}{\376\377\000S\000t\000e\000p\000\040\000C\000:\000\040\000C\000u\000s\000t\000o\000m\000\040\000A\000g\000g\000r\000e\000g\000a\000t\000o\000r}{subsection.8.4}% 73
\BOOKMARK [2][-]{subsection.8.5}{\376\377\000E\000x\000p\000e\000r\000i\000m\000e\000n\000t\000a\000l\000\040\000V\000a\000l\000i\000d\000a\000t\000i\000o\000n\000\040\000a\000n\000d\000\040\000R\000e\000s\000u\000l\000t\000s}{section.8}% 74
\BOOKMARK [3][-]{subsubsection.8.5.1}{\376\377\000E\000v\000a\000l\000u\000a\000t\000i\000o\000n\000\040\000M\000e\000t\000r\000i\000c\000s\000\040\000\046\000\040\000B\000a\000s\000e\000l\000i\000n\000e\000s}{subsection.8.5}% 75
\BOOKMARK [3][-]{subsubsection.8.5.2}{\376\377\000S\000i\000m\000u\000l\000a\000t\000i\000o\000n\000\040\000R\000e\000s\000u\000l\000t\000s\000:\000\040\000A\000S\000I\000A\000\040\000D\000a\000t\000a\000s\000e\000t}{subsection.8.5}% 76
\BOOKMARK [2][-]{subsection.8.6}{\376\377\000R\000i\000s\000k\000\040\000M\000i\000t\000i\000g\000a\000t\000i\000o\000n\000\040\000P\000l\000a\000n}{section.8}% 77
\BOOKMARK [1][-]{section.9}{\376\377\000D\000e\000e\000p\000\040\000D\000i\000v\000e\000:\000\040\000A\000g\000e\000n\000t\000i\000c\000\040\000F\000e\000d\000e\000r\000a\000t\000e\000d\000\040\000L\000e\000a\000r\000n\000i\000n\000g\000\040\000i\000n\000\040\000Q\000u\000a\000n\000t\000i\000t\000a\000t\000i\000v\000e\000\040\000F\000i\000n\000a\000n\000c\000e\000\040\000a\000n\000d\000\040\000T\000o\000p\000o\000l\000o\000g\000y\000\040\000E\000v\000o\000l\000u\000t\000i\000o\000n}{}% 78
\BOOKMARK [2][-]{subsection.9.1}{\376\377\000T\000h\000e\000\040\000A\000g\000e\000n\000t\000i\000c\000\040\000P\000a\000r\000a\000d\000i\000g\000m\000:\000\040\000S\000e\000q\000u\000e\000n\000t\000i\000a\000l\000\040\000F\000e\000a\000t\000u\000r\000e\000\040\000Q\000u\000e\000r\000y\000i\000n\000g\000\040\000a\000n\000d\000\040\000C\000u\000r\000r\000i\000c\000u\000l\000u\000m\000\040\000L\000e\000a\000r\000n\000i\000n\000g}{section.9}% 79
\BOOKMARK [3][-]{subsubsection.9.1.1}{\376\377\000P\000P\000O\000\040\000O\000p\000t\000i\000m\000i\000z\000a\000t\000i\000o\000n\000\040\000a\000n\000d\000\040\000C\000u\000r\000r\000i\000c\000u\000l\000u\000m\000\040\000L\000e\000a\000r\000n\000i\000n\000g}{subsection.9.1}% 80
\BOOKMARK [3][-]{subsubsection.9.1.2}{\376\377\000D\000i\000f\000f\000e\000r\000e\000n\000t\000i\000a\000l\000\040\000P\000r\000i\000v\000a\000c\000y\000\040\000\050\000D\000P\000-\000S\000G\000D\000\051\000\040\000a\000n\000d\000\040\000R\000D\000P\000\040\000C\000o\000m\000p\000o\000s\000i\000t\000i\000o\000n}{subsection.9.1}% 81
\BOOKMARK [2][-]{subsection.9.2}{\376\377\000T\000h\000e\000\040\000C\000o\000r\000r\000e\000l\000a\000t\000e\000d\000\040\000M\000a\000r\000k\000e\000t\000\040\000S\000i\000m\000u\000l\000a\000t\000o\000r\000:\000\040\000B\000e\000y\000o\000n\000d\000\040\000R\000a\000n\000d\000o\000m\000\040\000W\000a\000l\000k\000s}{section.9}% 82
\BOOKMARK [3][-]{subsubsection.9.2.1}{\376\377\000O\000r\000n\000s\000t\000e\000i\000n\000-\000U\000h\000l\000e\000n\000b\000e\000c\000k\000\040\000M\000e\000a\000n\000\040\000R\000e\000v\000e\000r\000s\000i\000o\000n\000\040\000a\000n\000d\000\040\000R\000e\000g\000i\000m\000e\000\040\000D\000r\000i\000f\000t}{subsection.9.2}% 83
\BOOKMARK [3][-]{subsubsection.9.2.2}{\376\377\000G\000A\000R\000C\000H\000\050\0001\000,\0001\000\051\000\040\000V\000o\000l\000a\000t\000i\000l\000i\000t\000y\000\040\000C\000l\000u\000s\000t\000e\000r\000i\000n\000g}{subsection.9.2}% 84
\BOOKMARK [3][-]{subsubsection.9.2.3}{\376\377\000C\000r\000o\000s\000s\000-\000S\000e\000c\000t\000o\000r\000\040\000C\000o\000r\000r\000e\000l\000a\000t\000i\000o\000n\000\040\000v\000i\000a\000\040\000C\000h\000o\000l\000e\000s\000k\000y\000\040\000D\000e\000c\000o\000m\000p\000o\000s\000i\000t\000i\000o\000n}{subsection.9.2}% 85
\BOOKMARK [2][-]{subsection.9.3}{\376\377\000A\000l\000g\000o\000r\000i\000t\000h\000m\000\040\000D\000e\000s\000i\000g\000n\000:\000\040\000T\000h\000e\000\040\000T\000r\000a\000n\000s\000f\000o\000r\000m\000e\000r\000\040\000A\000c\000t\000o\000r\000-\000C\000r\000i\000t\000i\000c}{section.9}% 86
\BOOKMARK [2][-]{subsection.9.4}{\376\377\000F\000e\000d\000-\000N\000E\000A\000T\000\040\000S\000t\000r\000a\000t\000e\000g\000y\000:\000\040\000D\000y\000n\000a\000m\000i\000c\000\040\000T\000o\000p\000o\000l\000o\000g\000y\000\040\000E\000v\000o\000l\000u\000t\000i\000o\000n\000\040\000a\000n\000d\000\040\000A\000s\000s\000e\000s\000s\000m\000e\000n\000t}{section.9}% 87
\BOOKMARK [3][-]{subsubsection.9.4.1}{\376\377\000a\000d\000v\000a\000n\000c\000e\000\040\000H\000a\000s\000h\000i\000n\000g\000\040\000a\000n\000d\000\040\000G\000e\000n\000o\000m\000e\000\040\000M\000e\000r\000g\000i\000n\000g}{subsection.9.4}% 88
\BOOKMARK [3][-]{subsubsection.9.4.2}{\376\377\000M\000o\000m\000e\000n\000t\000u\000m\000-\000B\000l\000e\000n\000d\000e\000d\000\040\000B\000y\000z\000a\000n\000t\000i\000n\000e\000\040\000C\000o\000n\000s\000e\000n\000s\000u\000s}{subsection.9.4}% 89
\BOOKMARK [3][-]{subsubsection.9.4.3}{\376\377\000D\000y\000n\000a\000m\000i\000c\000\040\000T\000h\000r\000e\000s\000h\000o\000l\000d\000i\000n\000g\000\040\000a\000n\000d\000\040\000V\000a\000l\000i\000d\000a\000t\000i\000o\000n\000\040\000L\000o\000g\000g\000i\000n\000g}{subsection.9.4}% 90
\BOOKMARK [2][-]{subsection.9.5}{\376\377\000W\000h\000y\000\040\000P\000o\000R\000\040\000O\000u\000t\000p\000e\000r\000f\000o\000r\000m\000s\000\040\000E\000x\000i\000s\000t\000i\000n\000g\000\040\000x\000A\000I\000\040\000S\000c\000h\000e\000m\000e\000s}{section.9}% 91
\BOOKMARK [2][-]{subsection.9.6}{\376\377\000M\000u\000l\000t\000i\000-\000B\000r\000a\000n\000c\000h\000\040\000E\000v\000a\000l\000u\000a\000t\000i\000o\000n\000\040\000a\000n\000d\000\040\000A\000d\000v\000e\000r\000s\000a\000r\000i\000a\000l\000\040\000S\000t\000r\000e\000s\000s\000-\000T\000e\000s\000t\000i\000n\000g}{section.9}% 92
\BOOKMARK [3][-]{subsubsection.9.6.1}{\376\377\000F\000i\000v\000e\000\040\000S\000i\000m\000u\000l\000t\000a\000n\000e\000o\000u\000s\000\040\000A\000d\000v\000e\000r\000s\000a\000r\000y\000\040\000M\000o\000d\000e\000l\000s}{subsection.9.6}% 93
\BOOKMARK [2][-]{subsection.9.7}{\376\377\000T\000h\000e\000o\000r\000e\000t\000i\000c\000a\000l\000\040\000G\000u\000a\000r\000a\000n\000t\000e\000e\000s\000:\000\040\000T\000o\000p\000o\000l\000o\000g\000y\000\040\000I\000r\000r\000e\000d\000u\000c\000i\000b\000i\000l\000i\000t\000y\000\040\000a\000n\000d\000\040\000I\000n\000t\000e\000r\000p\000r\000e\000t\000a\000b\000i\000l\000i\000t\000y}{section.9}% 94
\BOOKMARK [2][-]{subsection.9.8}{\376\377\000E\000m\000p\000i\000r\000i\000c\000a\000l\000\040\000S\000i\000m\000u\000l\000a\000t\000i\000o\000n\000\040\000L\000o\000g\000s\000\040\000a\000n\000d\000\040\000C\000o\000l\000d\000-\000S\000t\000a\000r\000t\000\040\000D\000y\000n\000a\000m\000i\000c\000s}{section.9}% 95
\BOOKMARK [3][-]{subsubsection.9.8.1}{\376\377\000C\000o\000m\000p\000l\000e\000t\000e\000\040\000F\000a\000i\000l\000u\000r\000e\000\040\000o\000f\000\040\000B\000a\000s\000e\000l\000i\000n\000e\000\040\000E\000u\000c\000l\000i\000d\000e\000a\000n\000\040\000D\000e\000f\000e\000n\000s\000e\000s}{subsection.9.8}% 96
\BOOKMARK [3][-]{subsubsection.9.8.2}{\376\377\000P\000o\000R\000\040\000G\000r\000a\000c\000e\000\040\000P\000e\000r\000i\000o\000d\000\040\000a\000n\000d\000\040\000A\000d\000a\000p\000t\000i\000v\000e\000\040\000T\000h\000r\000e\000s\000h\000o\000l\000d\000\040\000C\000a\000l\000i\000b\000r\000a\000t\000i\000o\000n}{subsection.9.8}% 97
\BOOKMARK [3][-]{subsubsection.9.8.3}{\376\377\000P\000e\000r\000-\000A\000d\000v\000e\000r\000s\000a\000r\000y\000\040\000D\000e\000t\000e\000c\000t\000i\000o\000n\000\040\000P\000e\000r\000f\000o\000r\000m\000a\000n\000c\000e}{subsection.9.8}% 98
\BOOKMARK [1][-]{section.10}{\376\377\000C\000o\000d\000e\000\040\000I\000m\000p\000l\000e\000m\000e\000n\000t\000a\000t\000i\000o\000n\000\040\000O\000v\000e\000r\000v\000i\000e\000w}{}% 99
\BOOKMARK [2][-]{subsection.10.1}{\376\377\000D\000i\000r\000e\000c\000t\000o\000r\000y\000\040\000S\000t\000r\000u\000c\000t\000u\000r\000e\000\040\000a\000n\000d\000\040\000C\000o\000r\000e\000\040\000M\000o\000d\000u\000l\000e\000s}{section.10}% 100
\BOOKMARK [2][-]{subsection.10.2}{\376\377\000K\000e\000y\000\040\000C\000o\000m\000p\000o\000n\000e\000n\000t\000s}{section.10}% 101
\BOOKMARK [2][-]{subsection.10.3}{\376\377\000R\000e\000p\000r\000o\000d\000u\000c\000i\000b\000i\000l\000i\000t\000y\000\040\000a\000n\000d\000\040\000H\000y\000p\000e\000r\000p\000a\000r\000a\000m\000e\000t\000e\000r\000s}{section.10}% 102
\BOOKMARK [2][-]{subsection.10.4}{\376\377\000S\000u\000m\000m\000a\000r\000y}{section.10}% 103
\BOOKMARK [1][-]{section.11}{\376\377\000C\000o\000n\000c\000l\000u\000s\000i\000o\000n\000\040\000\046\000\040\000S\000t\000r\000a\000t\000e\000g\000i\000c\000\040\000I\000m\000p\000a\000c\000t}{}% 104
\BOOKMARK [2][-]{subsection.11.1}{\376\377\000S\000u\000m\000m\000a\000r\000y\000\040\000o\000f\000\040\000C\000o\000n\000t\000r\000i\000b\000u\000t\000i\000o\000n\000s}{section.11}% 105
\BOOKMARK [2][-]{subsection.11.2}{\376\377\000E\000m\000p\000i\000r\000i\000c\000a\000l\000\040\000V\000a\000l\000i\000d\000a\000t\000i\000o\000n}{section.11}% 106
\BOOKMARK [2][-]{subsection.11.3}{\376\377\000F\000r\000o\000m\000\040\000B\000l\000a\000c\000k\000-\000B\000o\000x\000\040\000A\000v\000e\000r\000a\000g\000i\000n\000g\000\040\000t\000o\000\040\000S\000t\000r\000u\000c\000t\000u\000r\000a\000l\000\040\000G\000o\000v\000e\000r\000n\000a\000n\000c\000e}{section.11}% 107
\BOOKMARK [2][-]{subsection.11.4}{\376\377\000B\000r\000o\000a\000d\000e\000r\000\040\000I\000m\000p\000a\000c\000t\000\040\000\046\000\040\000F\000u\000t\000u\000r\000e\000\040\000R\000e\000l\000e\000v\000a\000n\000c\000e}{section.11}% 108
\BOOKMARK [2][-]{subsection.11.5}{\376\377\000F\000u\000t\000u\000r\000e\000\040\000R\000e\000s\000e\000a\000r\000c\000h\000\040\000R\000o\000a\000d\000m\000a\000p}{section.11}% 109
\BOOKMARK [1][-]{section*.2}{\376\377\000R\000e\000f\000e\000r\000e\000n\000c\000e\000s}{}% 110
